------------------------------------------------------------
TimeQuest Timing Analyzer Summary
------------------------------------------------------------

Type  : Slow 1100mV 85C Model Setup 'clk'
Slack : -1.946
TNS   : -140.544

Type  : Slow 1100mV 85C Model Hold 'clk'
Slack : 0.332
TNS   : 0.000

Type  : Slow 1100mV 85C Model Minimum Pulse Width 'clk'
Slack : -0.394
TNS   : -53.416

Type  : Slow 1100mV 0C Model Setup 'clk'
Slack : -1.936
TNS   : -140.442

Type  : Slow 1100mV 0C Model Hold 'clk'
Slack : 0.319
TNS   : 0.000

Type  : Slow 1100mV 0C Model Minimum Pulse Width 'clk'
Slack : -0.394
TNS   : -58.111

Type  : Fast 1100mV 85C Model Setup 'clk'
Slack : -0.829
TNS   : -45.393

Type  : Fast 1100mV 85C Model Hold 'clk'
Slack : 0.179
TNS   : 0.000

Type  : Fast 1100mV 85C Model Minimum Pulse Width 'clk'
Slack : -0.089
TNS   : -8.834

Type  : Fast 1100mV 0C Model Setup 'clk'
Slack : -0.705
TNS   : -36.237

Type  : Fast 1100mV 0C Model Hold 'clk'
Slack : 0.170
TNS   : 0.000

Type  : Fast 1100mV 0C Model Minimum Pulse Width 'clk'
Slack : -0.089
TNS   : -8.875

------------------------------------------------------------
